============================= test session starts =============================
platform win32 -- Python 3.11.9, pytest-9.0.2, pluggy-1.6.0 -- C:\Users\vedan\Desktop\Divya-vaani-AI\backend\venv\Scripts\python.exe
cachedir: .pytest_cache
rootdir: C:\Users\vedan\Desktop\Divya-vaani-AI\backend
plugins: anyio-4.12.1, typeguard-4.4.4
collecting ... collected 37 items

tests/test_app.py::TestConfig::test_settings_load PASSED                 [  2%]
tests/test_app.py::TestConfig::test_settings_paths_exist PASSED          [  5%]
tests/test_app.py::TestConfig::test_settings_embedding_dim PASSED        [  8%]
tests/test_app.py::TestConfig::test_settings_rate_limits PASSED          [ 10%]
tests/test_app.py::TestConfig::test_max_upload_size PASSED               [ 13%]
tests/test_app.py::TestSchema::test_source_type_enum PASSED              [ 16%]
tests/test_app.py::TestSchema::test_transcript_chunk PASSED              [ 18%]
tests/test_app.py::TestSchema::test_upload_response PASSED               [ 21%]
tests/test_app.py::TestSchema::test_chat_request PASSED                  [ 24%]
tests/test_app.py::TestSchema::test_tts_request PASSED                   [ 27%]
tests/test_app.py::TestSchema::test_chat_response PASSED                 [ 29%]
tests/test_app.py::TestHelpers::test_safe_path_valid PASSED              [ 32%]
tests/test_app.py::TestHelpers::test_safe_path_traversal_blocked PASSED  [ 35%]
tests/test_app.py::TestHelpers::test_format_time PASSED                  [ 37%]
tests/test_app.py::TestHelpers::test_verify_admin_key_missing PASSED     [ 40%]
tests/test_app.py::TestHelpers::test_verify_admin_key_wrong PASSED       [ 43%]
tests/test_app.py::TestHelpers::test_verify_admin_key_correct PASSED     [ 45%]
tests/test_app.py::TestVideosContent::test_get_all_videos PASSED         [ 48%]
tests/test_app.py::TestVideosContent::test_get_video_detail_not_found PASSED [ 51%]
tests/test_app.py::TestChatHelpers::test_expand_question_english PASSED  [ 54%]
tests/test_app.py::TestChatHelpers::test_expand_question_hindi PASSED    [ 56%]
tests/test_app.py::TestChatHelpers::test_expand_question_no_match PASSED [ 59%]
tests/test_app.py::TestUploadHelpers::test_cleanup_old_status PASSED     [ 62%]
tests/test_app.py::TestUploadHelpers::test_status_store_bounded PASSED   [ 64%]
tests/test_app.py::TestAPIEndpoints::test_health_check PASSED            [ 67%]
tests/test_app.py::TestAPIEndpoints::test_get_videos PASSED              [ 70%]
tests/test_app.py::TestAPIEndpoints::test_get_video_not_found PASSED     [ 72%]
tests/test_app.py::TestAPIEndpoints::test_chat_empty_question PASSED     [ 75%]
tests/test_app.py::TestAPIEndpoints::test_chat_too_long_question PASSED  [ 78%]
tests/test_app.py::TestAPIEndpoints::test_tts_empty_text PASSED          [ 81%]
tests/test_app.py::TestAPIEndpoints::test_tts_too_long PASSED            [ 83%]
tests/test_app.py::TestAPIEndpoints::test_upload_no_admin_key PASSED     [ 86%]
tests/test_app.py::TestAPIEndpoints::test_upload_wrong_filetype PASSED   [ 89%]
tests/test_app.py::TestAPIEndpoints::test_delete_video_no_admin_key PASSED [ 91%]
tests/test_app.py::TestAPIEndpoints::test_thumbnail_not_found PASSED     [ 94%]
tests/test_app.py::TestAPIEndpoints::test_audio_invalid_filename PASSED  [ 97%]
tests/test_app.py::TestAPIEndpoints::test_tts_status PASSED              [100%]

============================== warnings summary ===============================
tests/test_app.py::TestConfig::test_settings_load
  c:\Users\vedan\Desktop\Divya-vaani-AI\backend\config.py:24: PydanticDeprecatedSince20: Support for class-based `config` is deprecated, use ConfigDict instead. Deprecated in Pydantic V2.0 to be removed in V3.0. See Pydantic V2 Migration Guide at https://errors.pydantic.dev/2.12/migration/
    class Settings(BaseSettings):

tests/test_app.py::TestHelpers::test_safe_path_valid
  <frozen importlib._bootstrap>:241: DeprecationWarning: builtin type SwigPyPacked has no __module__ attribute

tests/test_app.py::TestHelpers::test_safe_path_valid
  <frozen importlib._bootstrap>:241: DeprecationWarning: builtin type SwigPyObject has no __module__ attribute

tests/test_app.py::TestHelpers::test_safe_path_valid
  <frozen importlib._bootstrap>:241: DeprecationWarning: builtin type swigvarlink has no __module__ attribute

-- Docs: https://docs.pytest.org/en/stable/how-to/capture-warnings.html
======================= 37 passed, 4 warnings in 3.40s ========================
